// Jest Snapshot v1, https://goo.gl/fbAQLP

exports[`not found page should render correctly 1`] = `
{
  "asFragment": [Function],
  "baseElement": <body>
    <div>
      <div
        class="my-10"
      >
        <img
          alt="404"
          class="mx-auto"
          data-nimg="1"
          decoding="async"
          height="14050"
          loading="lazy"
          src="/_next/image?url=%2F404.png&w=1200&q=75"
          srcset="/_next/image?url=%2F404.png&w=640&q=75 1x, /_next/image?url=%2F404.png&w=1200&q=75 2x"
          style="color: transparent;"
          width="600"
        />
        <p
          class="font-semibold text-red-400 text-xl text-center"
        >
          404 | Page Not Found
        </p>
      </div>
    </div>
  </body>,
  "container": <div>
    <div
      class="my-10"
    >
      <img
        alt="404"
        class="mx-auto"
        data-nimg="1"
        decoding="async"
        height="14050"
        loading="lazy"
        src="/_next/image?url=%2F404.png&w=1200&q=75"
        srcset="/_next/image?url=%2F404.png&w=640&q=75 1x, /_next/image?url=%2F404.png&w=1200&q=75 2x"
        style="color: transparent;"
        width="600"
      />
      <p
        class="font-semibold text-red-400 text-xl text-center"
      >
        404 | Page Not Found
      </p>
    </div>
  </div>,
  "debug": [Function],
  "findAllByAltText": [Function],
  "findAllByDisplayValue": [Function],
  "findAllByLabelText": [Function],
  "findAllByPlaceholderText": [Function],
  "findAllByRole": [Function],
  "findAllByTestId": [Function],
  "findAllByText": [Function],
  "findAllByTitle": [Function],
  "findByAltText": [Function],
  "findByDisplayValue": [Function],
  "findByLabelText": [Function],
  "findByPlaceholderText": [Function],
  "findByRole": [Function],
  "findByTestId": [Function],
  "findByText": [Function],
  "findByTitle": [Function],
  "getAllByAltText": [Function],
  "getAllByDisplayValue": [Function],
  "getAllByLabelText": [Function],
  "getAllByPlaceholderText": [Function],
  "getAllByRole": [Function],
  "getAllByTestId": [Function],
  "getAllByText": [Function],
  "getAllByTitle": [Function],
  "getByAltText": [Function],
  "getByDisplayValue": [Function],
  "getByLabelText": [Function],
  "getByPlaceholderText": [Function],
  "getByRole": [Function],
  "getByTestId": [Function],
  "getByText": [Function],
  "getByTitle": [Function],
  "queryAllByAltText": [Function],
  "queryAllByDisplayValue": [Function],
  "queryAllByLabelText": [Function],
  "queryAllByPlaceholderText": [Function],
  "queryAllByRole": [Function],
  "queryAllByTestId": [Function],
  "queryAllByText": [Function],
  "queryAllByTitle": [Function],
  "queryByAltText": [Function],
  "queryByDisplayValue": [Function],
  "queryByLabelText": [Function],
  "queryByPlaceholderText": [Function],
  "queryByRole": [Function],
  "queryByTestId": [Function],
  "queryByText": [Function],
  "queryByTitle": [Function],
  "rerender": [Function],
  "unmount": [Function],
}
`;
